Microchip MPLAB XC8 Compiler V2.10 ()

Linker command line:

-W-3 --edf=C:\Program Files (x86)\Microchip\xc8\v2.10\pic\dat\en_msgs.txt \
  -cs -h+dist/default/production\i2c_lcd_display_1519.X.production.sym \
  --cmf=dist/default/production\i2c_lcd_display_1519.X.production.cmf -z \
  -Q16F1519 -oC:\Users\Joni1\AppData\Local\Temp\s1h9k.2 \
  --defsym=__MPLAB_BUILD=1 \
  -Mdist/default/production/i2c_lcd_display_1519.X.production.map -E1 \
  -ver=XC8 --acfsm=1493 -ASTACK=0200Eh-023EFh -pstack=STACK \
  -ACODE=00h-07FFhx8 -ASTRCODE=00h-03FFFh -ASTRING=00h-0FFhx64 \
  -ACONST=00h-0FFhx64 -AENTRY=00h-0FFhx64 -ACOMMON=070h-07Fh \
  -ABANK0=020h-06Fh -ABANK1=0A0h-0EFh -ABANK2=0120h-016Fh \
  -ABANK3=01A0h-01EFh -ABANK4=0220h-026Fh -ABANK5=02A0h-02EFh \
  -ABANK6=0320h-036Fh -ABANK7=03A0h-03EFh -ABANK8=0420h-046Fh \
  -ABANK9=04A0h-04EFh -ABANK10=0520h-056Fh -ABANK11=05A0h-05EFh \
  -ABANK12=0620h-064Fh -ABIGRAM=02000h-023EFh \
  -ARAM=020h-06Fh,0A0h-0EFh,0120h-016Fh,01A0h-01EFh,0220h-026Fh,02A0h-02EFh,0320h-036Fh,03A0h-03EFh,0420h-046Fh,04A0h-04EFh,0520h-056Fh,05A0h-05EFh,0620h-064Fh \
  -AABS1=020h-07Fh,0A0h-0EFh,0120h-016Fh,01A0h-01EFh,0220h-026Fh,02A0h-02EFh,0320h-036Fh,03A0h-03EFh,0420h-046Fh,04A0h-04EFh,0520h-056Fh,05A0h-05EFh,0620h-064Fh \
  -ASFR0=00h-01Fh -ASFR1=080h-09Fh -ASFR2=0100h-011Fh -ASFR3=0180h-019Fh \
  -ASFR4=0200h-021Fh -ASFR5=0280h-029Fh -ASFR6=0300h-031Fh \
  -ASFR7=0380h-039Fh -ASFR8=0400h-041Fh -ASFR9=0480h-049Fh \
  -ASFR10=0500h-051Fh -ASFR11=0580h-059Fh -ASFR12=0600h-061Fh \
  -ASFR13=0680h-06EFh -ASFR14=0700h-076Fh -ASFR15=0780h-07EFh \
  -ASFR16=0800h-086Fh -ASFR17=0880h-08EFh -ASFR18=0900h-096Fh \
  -ASFR19=0980h-09EFh -ASFR20=0A00h-0A6Fh -ASFR21=0A80h-0AEFh \
  -ASFR22=0B00h-0B6Fh -ASFR23=0B80h-0BEFh -ASFR24=0C00h-0C6Fh \
  -ASFR25=0C80h-0CEFh -ASFR26=0D00h-0D6Fh -ASFR27=0D80h-0DEFh \
  -ASFR28=0E00h-0E6Fh -ASFR29=0E80h-0EEFh -ASFR30=0F00h-0F6Fh \
  -ASFR31=0F80h-0FEFh -preset_vec=00h,intentry=04h,init,end_init \
  -ppowerup=CODE -pcinit=CODE -pfunctab=ENTRY -ACONFIG=08007h-08008h \
  -pconfig=CONFIG -DCONFIG=2 -AIDLOC=08000h-08003h -pidloc=IDLOC -DIDLOC=2 \
  -DCODE=2 -DSTRCODE=2 -DSTRING=2 -DCONST=2 -DENTRY=2 -k \
  C:\Users\Joni1\AppData\Local\Temp\s1h9k.o \
  dist/default/production\i2c_lcd_display_1519.X.production.o 

Object code version is 3.11

Machine type is 16F1519



                Name                               Link     Load   Length Selector   Space Scale
C:\Users\Joni1\AppData\Local\Temp\s1h9k.o
                end_init                             21       21        2        8       0
                reset_vec                             0        0        2        0       0
                config                             8007     8007        2    1000E       0
dist/default/production\i2c_lcd_display_1519.X.production.o
                cinit                                23       23        D        8       0
                intentry                              4        4       1D        8       0
                text21                               30       30       72        8       0
                text20                              289      289        1      4AC       0
                text18                              1F5      1F5       14        8       0
                text17                              256      256        C      4AC       0
                text16                              283      283        5      4AC       0
                text15                              27C      27C        7      4AC       0
                text14                              22D      22D       10      45A       0
                text13                              288      288        1      4AC       0
                text12                              275      275        7      4AC       0
                text11                              23D      23D        D      45A       0
                text10                              186      186       20        8       0
                text9                               1E1      1E1       14        8       0
                text8                               26C      26C        9      4AC       0
                text7                                EB       EB       43        8       0
                text6                                A2       A2       49        8       0
                text5                               15A      15A       2C        8       0
                text4                               1A6      1A6       1F        8       0
                text3                               12E      12E       2C        8       0
                text2                               209      209       13        8       0
                text1                               262      262        A      4AC       0
                maintext                            1C5      1C5       1C        8       0
                cstackBANK0                          20       20        8       20       1
                cstackCOMMON                         70       70        A       70       1
                bssBANK0                             28       28        6       20       1
                bssCOMMON                            7A       7A        2       70       1
                stringtext2                         24A      24A        C      494       0
                stringtext1                         21C      21C       11      438       0

TOTAL           Name                               Link     Load   Length     Space
        CLASS   STACK          

        CLASS   CODE           
                end_init                             21       21        2         0
                cinit                                23       23        D         0
                intentry                              4        4       1D         0
                reset_vec                             0        0        2         0
                text21                               30       30       72         0
                text20                              289      289        1         0
                text18                              1F5      1F5       14         0
                text17                              256      256        C         0
                text16                              283      283        5         0
                text15                              27C      27C        7         0
                text14                              22D      22D       10         0
                text13                              288      288        1         0
                text12                              275      275        7         0
                text11                              23D      23D        D         0
                text10                              186      186       20         0
                text9                               1E1      1E1       14         0
                text8                               26C      26C        9         0
                text7                                EB       EB       43         0
                text6                                A2       A2       49         0
                text5                               15A      15A       2C         0
                text4                               1A6      1A6       1F         0
                text3                               12E      12E       2C         0
                text2                               209      209       13         0
                text1                               262      262        A         0
                maintext                            1C5      1C5       1C         0

        CLASS   STRCODE        
                stringtext2                         24A      24A        C         0
                stringtext1                         21C      21C       11         0

        CLASS   STRING         

        CLASS   CONST          

        CLASS   ENTRY          

        CLASS   COMMON         
                cstackCOMMON                         70       70        A         1
                bssCOMMON                            7A       7A        2         1

        CLASS   BANK0          
                cstackBANK0                          20       20        8         1
                bssBANK0                             28       28        6         1

        CLASS   BANK1          

        CLASS   BANK2          

        CLASS   BANK3          

        CLASS   BANK4          

        CLASS   BANK5          

        CLASS   BANK6          

        CLASS   BANK7          

        CLASS   BANK8          

        CLASS   BANK9          

        CLASS   BANK10         

        CLASS   BANK11         

        CLASS   BANK12         

        CLASS   BIGRAM         

        CLASS   RAM            

        CLASS   ABS1           
                abs_s1                               7E       7E        2         1

        CLASS   SFR0           

        CLASS   SFR1           

        CLASS   SFR2           

        CLASS   SFR3           

        CLASS   SFR4           

        CLASS   SFR5           

        CLASS   SFR6           

        CLASS   SFR7           

        CLASS   SFR8           

        CLASS   SFR9           

        CLASS   SFR10          

        CLASS   SFR11          

        CLASS   SFR12          

        CLASS   SFR13          

        CLASS   SFR14          

        CLASS   SFR15          

        CLASS   SFR16          

        CLASS   SFR17          

        CLASS   SFR18          

        CLASS   SFR19          

        CLASS   SFR20          

        CLASS   SFR21          

        CLASS   SFR22          

        CLASS   SFR23          

        CLASS   SFR24          

        CLASS   SFR25          

        CLASS   SFR26          

        CLASS   SFR27          

        CLASS   SFR28          

        CLASS   SFR29          

        CLASS   SFR30          

        CLASS   SFR31          

        CLASS   CONFIG         
                config                             8007     8007        2         0

        CLASS   IDLOC          

        CLASS   BANK31         

        CLASS   BANK30         

        CLASS   BANK29         

        CLASS   BANK28         

        CLASS   BANK27         

        CLASS   BANK26         

        CLASS   BANK25         

        CLASS   BANK24         

        CLASS   BANK23         

        CLASS   BANK22         

        CLASS   BANK21         

        CLASS   BANK20         

        CLASS   BANK19         

        CLASS   BANK18         

        CLASS   BANK17         

        CLASS   BANK16         

        CLASS   BANK15         

        CLASS   BANK14         

        CLASS   BANK13         

        CLASS   EEDATA         



SEGMENTS        Name                           Load    Length   Top    Selector   Space  Class     Delta

                reset_vec                      000000  000002  000002         0       0  CODE        2
                intentry                       000004  000218  00021C         8       0  CODE        2
                cstackBANK0                    000020  00000E  00002E        20       1  BANK0       1
                cstackCOMMON                   000070  00000C  00007C        70       1  COMMON      1
                stringtext1                    00021C  000011  00022D       438       0  STRCODE     2
                text14                         00022D  00001D  00024A       45A       0  CODE        2
                stringtext2                    00024A  00000C  000256       494       0  STRCODE     2
                text17                         000256  000034  00028A       4AC       0  CODE        2
                config                         008007  000002  008009     1000E       0  CONFIG      2


UNUSED ADDRESS RANGES

        Name                Unused          Largest block    Delta
        BANK0            0002E-0006F              42           1
        BANK1            000A0-000EF              50           1
        BANK10           00520-0056F              50           1
        BANK11           005A0-005EF              50           1
        BANK12           00620-0064F              30           1
        BANK2            00120-0016F              50           1
        BANK3            001A0-001EF              50           1
        BANK4            00220-0026F              50           1
        BANK5            002A0-002EF              50           1
        BANK6            00320-0036F              50           1
        BANK7            003A0-003EF              50           1
        BANK8            00420-0046F              50           1
        BANK9            004A0-004EF              50           1
        BIGRAM           02000-023EF             3F0           1
        CODE             00002-00003               2           2
                         0028A-03FFF             800
        COMMON           0007C-0007D               2           1
        CONST            00002-00003               2           2
                         0028A-03FFF             100
        ENTRY            00002-00003               2           2
                         0028A-03FFF             100
        IDLOC            08000-08003               4           2
        RAM              0002E-0006F              42           1
                         000A0-000EF              50
                         00120-0016F              50
                         001A0-001EF              50
                         00220-0026F              50
                         002A0-002EF              50
                         00320-0036F              50
                         003A0-003EF              50
                         00420-0046F              50
                         004A0-004EF              50
                         00520-0056F              50
                         005A0-005EF              50
                         00620-0064F              30
        SFR0             00000-0001F              20           1
        SFR1             00080-0009F              20           1
        SFR10            00500-0051F              20           1
        SFR11            00580-0059F              20           1
        SFR12            00600-0061F              20           1
        SFR13            00680-006EF              70           1
        SFR14            00700-0076F              70           1
        SFR15            00780-007EF              70           1
        SFR16            00800-0086F              70           1
        SFR17            00880-008EF              70           1
        SFR18            00900-0096F              70           1
        SFR19            00980-009EF              70           1
        SFR2             00100-0011F              20           1
        SFR20            00A00-00A6F              70           1
        SFR21            00A80-00AEF              70           1
        SFR22            00B00-00B6F              70           1
        SFR23            00B80-00BEF              70           1
        SFR24            00C00-00C6F              70           1
        SFR25            00C80-00CEF              70           1
        SFR26            00D00-00D6F              70           1
        SFR27            00D80-00DEF              70           1
        SFR28            00E00-00E6F              70           1
        SFR29            00E80-00EEF              70           1
        SFR3             00180-0019F              20           1
        SFR30            00F00-00F6F              70           1
        SFR31            00F80-00FEF              70           1
        SFR4             00200-0021F              20           1
        SFR5             00280-0029F              20           1
        SFR6             00300-0031F              20           1
        SFR7             00380-0039F              20           1
        SFR8             00400-0041F              20           1
        SFR9             00480-0049F              20           1
        STACK            0200E-023EF             3E2           1
        STRCODE          00002-00003               2           2
                         0028A-03FFF            3D76
        STRING           00002-00003               2           2
                         0028A-03FFF             100

                                  Symbol Table

_ACKSTAT                           (abs)        010B6
_ANSELA                            (abs)        0018C
_ANSELB                            (abs)        0018D
_ANSELC                            (abs)        0018E
_ANSELD                            (abs)        0018F
_BF                                (abs)        010A0
_CKP                               (abs)        010AC
_D_nA                              (abs)        010A5
_I2C_PACKAGE                       bssBANK0     0002A
_INTCONbits                        (abs)        0000B
_INT_FLAGS                         bssBANK0     0002D
_LATA                              (abs)        0010C
_LATA0                             (abs)        00860
_LATA1                             (abs)        00861
_LATA2                             (abs)        00862
_LATA3                             (abs)        00863
_LATB                              (abs)        0010D
_LATB0                             (abs)        00868
_LATB1                             (abs)        00869
_LATC                              (abs)        0010E
_LATD                              (abs)        0010F
_MASKED_I2C_PACKAGE                bssBANK0     00028
_OPTION_REGbits                    (abs)        00095
_OSCCONbits                        (abs)        00099
_R_nW                              (abs)        010A2
_SSPADD                            (abs)        00212
_SSPBUF                            (abs)        00211
_SSPCON1                           (abs)        00215
_SSPCON2                           (abs)        00216
_SSPCON3                           (abs)        00217
_SSPCONbits                        (abs)        00215
_SSPIE                             (abs)        0048B
_SSPIF                             (abs)        0008B
_SSPSTAT                           (abs)        00214
_T0IE                              (abs)        0005D
_T0IF                              (abs)        0005A
_TMR0                              (abs)        00015
_TRISA                             (abs)        0008C
_TRISB                             (abs)        0008D
_TRISC                             (abs)        0008E
_TRISCbits                         (abs)        0008E
_TRISD                             (abs)        0008F
__CFG_BOREN$ON                     (abs)        00000
__CFG_BORV$LO                      (abs)        00000
__CFG_CLKOUTEN$OFF                 (abs)        00000
__CFG_CP$OFF                       (abs)        00000
__CFG_FCMEN$ON                     (abs)        00000
__CFG_FOSC$INTOSC                  (abs)        00000
__CFG_IESO$ON                      (abs)        00000
__CFG_LPBOR$OFF                    (abs)        00000
__CFG_LVP$OFF                      (abs)        00000
__CFG_MCLRE$ON                     (abs)        00000
__CFG_PWRTE$OFF                    (abs)        00000
__CFG_STVREN$ON                    (abs)        00000
__CFG_VCAPEN$OFF                   (abs)        00000
__CFG_WDTE$OFF                     (abs)        00000
__CFG_WRT$OFF                      (abs)        00000
__Habs1                            abs1         00000
__Hbank0                           bank0        00000
__Hbank1                           bank1        00000
__Hbank10                          bank10       00000
__Hbank11                          bank11       00000
__Hbank12                          bank12       00000
__Hbank13                          bank13       00000
__Hbank14                          bank14       00000
__Hbank15                          bank15       00000
__Hbank16                          bank16       00000
__Hbank17                          bank17       00000
__Hbank18                          bank18       00000
__Hbank19                          bank19       00000
__Hbank2                           bank2        00000
__Hbank20                          bank20       00000
__Hbank21                          bank21       00000
__Hbank22                          bank22       00000
__Hbank23                          bank23       00000
__Hbank24                          bank24       00000
__Hbank25                          bank25       00000
__Hbank26                          bank26       00000
__Hbank27                          bank27       00000
__Hbank28                          bank28       00000
__Hbank29                          bank29       00000
__Hbank3                           bank3        00000
__Hbank30                          bank30       00000
__Hbank31                          bank31       00000
__Hbank4                           bank4        00000
__Hbank5                           bank5        00000
__Hbank6                           bank6        00000
__Hbank7                           bank7        00000
__Hbank8                           bank8        00000
__Hbank9                           bank9        00000
__Hbigram                          bigram       00000
__HbssBANK0                        bssBANK0     00000
__HbssCOMMON                       bssCOMMON    00000
__Hcinit                           cinit        00030
__Hclrtext                         clrtext      00000
__Hcode                            code         00000
__Hcommon                          common       00000
__Hconfig                          config       08009
__HcstackBANK0                     cstackBANK0  00000
__HcstackCOMMON                    cstackCOMMON 00000
__Heeprom_data                     eeprom_data  00000
__Hend_init                        end_init     00023
__Hfunctab                         functab      00000
__Hidloc                           idloc        00000
__Hinit                            init         00021
__Hintentry                        intentry     00021
__Hmaintext                        maintext     00000
__Hpowerup                         powerup      00000
__Hram                             ram          00000
__Hreset_vec                       reset_vec    00002
__Hsfr0                            sfr0         00000
__Hsfr1                            sfr1         00000
__Hsfr10                           sfr10        00000
__Hsfr11                           sfr11        00000
__Hsfr12                           sfr12        00000
__Hsfr13                           sfr13        00000
__Hsfr14                           sfr14        00000
__Hsfr15                           sfr15        00000
__Hsfr16                           sfr16        00000
__Hsfr17                           sfr17        00000
__Hsfr18                           sfr18        00000
__Hsfr19                           sfr19        00000
__Hsfr2                            sfr2         00000
__Hsfr20                           sfr20        00000
__Hsfr21                           sfr21        00000
__Hsfr22                           sfr22        00000
__Hsfr23                           sfr23        00000
__Hsfr24                           sfr24        00000
__Hsfr25                           sfr25        00000
__Hsfr26                           sfr26        00000
__Hsfr27                           sfr27        00000
__Hsfr28                           sfr28        00000
__Hsfr29                           sfr29        00000
__Hsfr3                            sfr3         00000
__Hsfr30                           sfr30        00000
__Hsfr31                           sfr31        00000
__Hsfr4                            sfr4         00000
__Hsfr5                            sfr5         00000
__Hsfr6                            sfr6         00000
__Hsfr7                            sfr7         00000
__Hsfr8                            sfr8         00000
__Hsfr9                            sfr9         00000
__Hspace_0                         (abs)        08009
__Hspace_1                         (abs)        0007C
__Hspace_2                         (abs)        00000
__Hspace_3                         (abs)        00000
__Hstack                           stack        00000
__Hstrings                         strings      00000
__Hstringtext1                     stringtext1  00000
__Hstringtext2                     stringtext2  00000
__Hstringtext3                     stringtext3  00000
__Htext                            text         00000
__Labs1                            abs1         00000
__Lbank0                           bank0        00000
__Lbank1                           bank1        00000
__Lbank10                          bank10       00000
__Lbank11                          bank11       00000
__Lbank12                          bank12       00000
__Lbank13                          bank13       00000
__Lbank14                          bank14       00000
__Lbank15                          bank15       00000
__Lbank16                          bank16       00000
__Lbank17                          bank17       00000
__Lbank18                          bank18       00000
__Lbank19                          bank19       00000
__Lbank2                           bank2        00000
__Lbank20                          bank20       00000
__Lbank21                          bank21       00000
__Lbank22                          bank22       00000
__Lbank23                          bank23       00000
__Lbank24                          bank24       00000
__Lbank25                          bank25       00000
__Lbank26                          bank26       00000
__Lbank27                          bank27       00000
__Lbank28                          bank28       00000
__Lbank29                          bank29       00000
__Lbank3                           bank3        00000
__Lbank30                          bank30       00000
__Lbank31                          bank31       00000
__Lbank4                           bank4        00000
__Lbank5                           bank5        00000
__Lbank6                           bank6        00000
__Lbank7                           bank7        00000
__Lbank8                           bank8        00000
__Lbank9                           bank9        00000
__Lbigram                          bigram       00000
__LbssBANK0                        bssBANK0     00000
__LbssCOMMON                       bssCOMMON    00000
__Lcinit                           cinit        00023
__Lclrtext                         clrtext      00000
__Lcode                            code         00000
__Lcommon                          common       00000
__Lconfig                          config       08007
__LcstackBANK0                     cstackBANK0  00000
__LcstackCOMMON                    cstackCOMMON 00000
__Leeprom_data                     eeprom_data  00000
__Lend_init                        end_init     00021
__Lfunctab                         functab      00000
__Lidloc                           idloc        00000
__Linit                            init         00021
__Lintentry                        intentry     00004
__Lmaintext                        maintext     00000
__Lpowerup                         powerup      00000
__Lram                             ram          00000
__Lreset_vec                       reset_vec    00000
__Lsfr0                            sfr0         00000
__Lsfr1                            sfr1         00000
__Lsfr10                           sfr10        00000
__Lsfr11                           sfr11        00000
__Lsfr12                           sfr12        00000
__Lsfr13                           sfr13        00000
__Lsfr14                           sfr14        00000
__Lsfr15                           sfr15        00000
__Lsfr16                           sfr16        00000
__Lsfr17                           sfr17        00000
__Lsfr18                           sfr18        00000
__Lsfr19                           sfr19        00000
__Lsfr2                            sfr2         00000
__Lsfr20                           sfr20        00000
__Lsfr21                           sfr21        00000
__Lsfr22                           sfr22        00000
__Lsfr23                           sfr23        00000
__Lsfr24                           sfr24        00000
__Lsfr25                           sfr25        00000
__Lsfr26                           sfr26        00000
__Lsfr27                           sfr27        00000
__Lsfr28                           sfr28        00000
__Lsfr29                           sfr29        00000
__Lsfr3                            sfr3         00000
__Lsfr30                           sfr30        00000
__Lsfr31                           sfr31        00000
__Lsfr4                            sfr4         00000
__Lsfr5                            sfr5         00000
__Lsfr6                            sfr6         00000
__Lsfr7                            sfr7         00000
__Lsfr8                            sfr8         00000
__Lsfr9                            sfr9         00000
__Lspace_0                         (abs)        00000
__Lspace_1                         (abs)        00000
__Lspace_2                         (abs)        00000
__Lspace_3                         (abs)        00000
__Lstack                           stack        00000
__Lstrings                         strings      00000
__Lstringtext1                     stringtext1  00000
__Lstringtext2                     stringtext2  00000
__Lstringtext3                     stringtext3  00000
__Ltext                            text         00000
__S0                               (abs)        08009
__S1                               (abs)        0007C
__S2                               (abs)        00000
___int_sp                          stack        00000
___latbits                         (abs)        00003
___sp                              stack        00000
___stackhi                         (abs)        023EF
___stacklo                         (abs)        0200E
__end_of__initialization           cinit        0002C
__end_of_display_i2c_data          text3        0015A
__end_of_init                      text11       0024A
__end_of_init_i2c                  text18       00209
__end_of_init_interrupt            text16       00288
__end_of_init_interrupt_timer      text17       00262
__end_of_init_oscillator           text15       00283
__end_of_init_ports                text12       0027C
__end_of_interruptHandler          intentry     00021
__end_of_lcd_display_clear         text8        00275
__end_of_lcd_display_cmd           text9        001F5
__end_of_lcd_display_init          text7        0012E
__end_of_lcd_display_port          text10       001A6
__end_of_lcd_display_set_cursor    text6        000EB
__end_of_lcd_display_write_char    text5        00186
__end_of_lcd_display_write_string  text4        001C5
__end_of_main                      maintext     001E1
__end_of_on_interrupt_i2c          text21       000A2
__end_of_on_interrupt_timer_0      text20       0028A
__end_of_res_ports                 text14       0023D
__end_of_set_ports                 text13       00289
__end_of_update_display            text2        0021C
__end_of_update_if_flag_set        text1        0026C
__initialization                   cinit        00023
__pbssBANK0                        bssBANK0     00028
__pbssCOMMON                       bssCOMMON    0007A
__pcstackBANK0                     cstackBANK0  00020
__pcstackCOMMON                    cstackCOMMON 00070
__pintentry                        intentry     00004
__pmaintext                        maintext     001C5
__pstringtext1                     stringtext1  0021C
__pstringtext2                     stringtext2  0024A
__pstringtext3                     stringtext3  00000
__ptext1                           text1        00262
__ptext10                          text10       00186
__ptext11                          text11       0023D
__ptext12                          text12       00275
__ptext13                          text13       00288
__ptext14                          text14       0022D
__ptext15                          text15       0027C
__ptext16                          text16       00283
__ptext17                          text17       00256
__ptext18                          text18       001F5
__ptext2                           text2        00209
__ptext20                          text20       00289
__ptext21                          text21       00030
__ptext3                           text3        0012E
__ptext4                           text4        001A6
__ptext5                           text5        0015A
__ptext6                           text6        000A2
__ptext7                           text7        000EB
__ptext8                           text8        0026C
__ptext9                           text9        001E1
__size_of_display_i2c_data         (abs)        00000
__size_of_init                     (abs)        00000
__size_of_init_i2c                 (abs)        00000
__size_of_init_interrupt           (abs)        00000
__size_of_init_interrupt_timer     (abs)        00000
__size_of_init_oscillator          (abs)        00000
__size_of_init_ports               (abs)        00000
__size_of_interruptHandler         (abs)        00000
__size_of_lcd_display_clear        (abs)        00000
__size_of_lcd_display_cmd          (abs)        00000
__size_of_lcd_display_init         (abs)        00000
__size_of_lcd_display_port         (abs)        00000
__size_of_lcd_display_set_cursor   (abs)        00000
__size_of_lcd_display_write_char   (abs)        00000
__size_of_lcd_display_write_string (abs)        00000
__size_of_main                     (abs)        00000
__size_of_on_interrupt_i2c         (abs)        00000
__size_of_on_interrupt_timer_0     (abs)        00000
__size_of_res_ports                (abs)        00000
__size_of_set_ports                (abs)        00000
__size_of_update_display           (abs)        00000
__size_of_update_if_flag_set       (abs)        00000
_display_i2c_data                  text3        0012E
_i2c_addr                          bssCOMMON    0007B
_i2c_data                          bssCOMMON    0007A
_init                              text11       0023D
_init_i2c                          text18       001F5
_init_interrupt                    text16       00283
_init_interrupt_timer              text17       00256
_init_oscillator                   text15       0027C
_init_ports                        text12       00275
_interruptHandler                  intentry     00004
_lcd_display_clear                 text8        0026C
_lcd_display_cmd                   text9        001E1
_lcd_display_init                  text7        000EB
_lcd_display_port                  text10       00186
_lcd_display_set_cursor            text6        000A2
_lcd_display_write_char            text5        0015A
_lcd_display_write_string          text4        001A6
_main                              maintext     001C5
_on_interrupt_i2c                  text21       00030
_on_interrupt_timer_0              text20       00289
_res_ports                         text14       0022D
_set_ports                         text13       00288
_update_display                    text2        00209
_update_if_flag_set                text1        00262
btemp                              (abs)        0007E
display_i2c_data@i2c_package       cstackBANK0  00024
display_i2c_data@line              cstackBANK0  00027
end_of_initialization              cinit        0002C
int$flags                          (abs)        0007E
intlevel0                          functab      00000
intlevel1                          functab      00000
intlevel2                          functab      00000
intlevel3                          functab      00000
intlevel4                          functab      00000
intlevel5                          functab      00000
lcd_display_cmd@a                  cstackCOMMON 00074
lcd_display_port@a                 cstackCOMMON 00072
lcd_display_set_cursor@a           cstackBANK0  00020
lcd_display_set_cursor@b           cstackCOMMON 00075
lcd_display_set_cursor@temp        cstackBANK0  00023
lcd_display_set_cursor@y           cstackBANK0  00022
lcd_display_set_cursor@z           cstackBANK0  00021
lcd_display_write_char@a           cstackCOMMON 00076
lcd_display_write_char@temp        cstackCOMMON 00074
lcd_display_write_char@y           cstackCOMMON 00075
lcd_display_write_string@a         cstackCOMMON 00077
lcd_display_write_string@i         cstackBANK0  00020
reset_vec                          reset_vec    00000
start                              init         00021
start_initialization               cinit        00023
wtemp0                             (abs)        0007E


FUNCTION INFORMATION:

 *************** function _main *****************
 Defined at:
		line 16 in file "i2c_lcd_display_1519.c"
 Parameters:    Size  Location     Type
		None
 Auto vars:     Size  Location     Type
		None
 Return value:  Size  Location     Type
                  1    wreg      void 
 Registers used:
		wreg, fsr0l, fsr0h, status,2, status,0, pclath, cstack
 Tracked objects:
		On entry : 
		On exit  : 
		Unchanged: 
 Data sizes:     COMMON   BANK0   BANK1   BANK2   BANK3   BANK4   BANK5   BANK6   BANK7   BANK8   BANK9  BANK10  BANK11  BANK12
      Params:         0       0       0       0       0       0       0       0       0       0       0       0       0       0
      Locals:         0       0       0       0       0       0       0       0       0       0       0       0       0       0
      Temps:          0       0       0       0       0       0       0       0       0       0       0       0       0       0
      Totals:         0       0       0       0       0       0       0       0       0       0       0       0       0       0
Total ram usage:        0 bytes
 Hardware stack levels required when called:    8
 This function calls:
		_init
		_lcd_display_clear
		_lcd_display_init
		_lcd_display_set_cursor
		_lcd_display_write_string
		_update_if_flag_set
 This function is called by:
		Startup code after reset
 This function uses a non-reentrant model


 *************** function _update_if_flag_set *****************
 Defined at:
		line 35 in file "i2c_lcd_display_1519.c"
 Parameters:    Size  Location     Type
		None
 Auto vars:     Size  Location     Type
		None
 Return value:  Size  Location     Type
                  1    wreg      void 
 Registers used:
		wreg, fsr0l, fsr0h, status,2, status,0, pclath, cstack
 Tracked objects:
		On entry : 
		On exit  : 
		Unchanged: 
 Data sizes:     COMMON   BANK0   BANK1   BANK2   BANK3   BANK4   BANK5   BANK6   BANK7   BANK8   BANK9  BANK10  BANK11  BANK12
      Params:         0       0       0       0       0       0       0       0       0       0       0       0       0       0
      Locals:         0       0       0       0       0       0       0       0       0       0       0       0       0       0
      Temps:          0       0       0       0       0       0       0       0       0       0       0       0       0       0
      Totals:         0       0       0       0       0       0       0       0       0       0       0       0       0       0
Total ram usage:        0 bytes
 Hardware stack levels used:    1
 Hardware stack levels required when called:    7
 This function calls:
		_update_display
 This function is called by:
		_main
 This function uses a non-reentrant model


 *************** function _update_display *****************
 Defined at:
		line 44 in file "i2c_lcd_display_1519.c"
 Parameters:    Size  Location     Type
		None
 Auto vars:     Size  Location     Type
		None
 Return value:  Size  Location     Type
                  1    wreg      void 
 Registers used:
		wreg, fsr0l, fsr0h, status,2, status,0, pclath, cstack
 Tracked objects:
		On entry : 
		On exit  : 
		Unchanged: 
 Data sizes:     COMMON   BANK0   BANK1   BANK2   BANK3   BANK4   BANK5   BANK6   BANK7   BANK8   BANK9  BANK10  BANK11  BANK12
      Params:         0       0       0       0       0       0       0       0       0       0       0       0       0       0
      Locals:         0       0       0       0       0       0       0       0       0       0       0       0       0       0
      Temps:          0       0       0       0       0       0       0       0       0       0       0       0       0       0
      Totals:         0       0       0       0       0       0       0       0       0       0       0       0       0       0
Total ram usage:        0 bytes
 Hardware stack levels used:    1
 Hardware stack levels required when called:    6
 This function calls:
		_display_i2c_data
 This function is called by:
		_update_if_flag_set
 This function uses a non-reentrant model


 *************** function _display_i2c_data *****************
 Defined at:
		line 51 in file "i2c_lcd_display_1519.c"
 Parameters:    Size  Location     Type
  line            1    wreg     unsigned char 
  i2c_package     2    4[BANK0 ] struct .
 Auto vars:     Size  Location     Type
  line            1    7[BANK0 ] unsigned char 
 Return value:  Size  Location     Type
                  1    wreg      void 
 Registers used:
		wreg, fsr0l, fsr0h, status,2, status,0, pclath, cstack
 Tracked objects:
		On entry : 
		On exit  : 
		Unchanged: 
 Data sizes:     COMMON   BANK0   BANK1   BANK2   BANK3   BANK4   BANK5   BANK6   BANK7   BANK8   BANK9  BANK10  BANK11  BANK12
      Params:         0       2       0       0       0       0       0       0       0       0       0       0       0       0
      Locals:         0       1       0       0       0       0       0       0       0       0       0       0       0       0
      Temps:          0       1       0       0       0       0       0       0       0       0       0       0       0       0
      Totals:         0       4       0       0       0       0       0       0       0       0       0       0       0       0
Total ram usage:        4 bytes
 Hardware stack levels used:    1
 Hardware stack levels required when called:    5
 This function calls:
		_lcd_display_set_cursor
		_lcd_display_write_char
		_lcd_display_write_string
 This function is called by:
		_update_display
 This function uses a non-reentrant model


 *************** function _lcd_display_write_string *****************
 Defined at:
		line 99 in file "lcd_display.c"
 Parameters:    Size  Location     Type
  a               2    7[COMMON] PTR unsigned char 
		 -> STR_2(17), STR_1(12), 
 Auto vars:     Size  Location     Type
  i               2    0[BANK0 ] int 
 Return value:  Size  Location     Type
                  1    wreg      void 
 Registers used:
		wreg, fsr0l, fsr0h, status,2, status,0, pclath, cstack
 Tracked objects:
		On entry : 
		On exit  : 
		Unchanged: 
 Data sizes:     COMMON   BANK0   BANK1   BANK2   BANK3   BANK4   BANK5   BANK6   BANK7   BANK8   BANK9  BANK10  BANK11  BANK12
      Params:         2       0       0       0       0       0       0       0       0       0       0       0       0       0
      Locals:         0       2       0       0       0       0       0       0       0       0       0       0       0       0
      Temps:          1       0       0       0       0       0       0       0       0       0       0       0       0       0
      Totals:         3       2       0       0       0       0       0       0       0       0       0       0       0       0
Total ram usage:        5 bytes
 Hardware stack levels used:    1
 Hardware stack levels required when called:    4
 This function calls:
		_lcd_display_write_char
 This function is called by:
		_main
		_display_i2c_data
 This function uses a non-reentrant model


 *************** function _lcd_display_write_char *****************
 Defined at:
		line 83 in file "lcd_display.c"
 Parameters:    Size  Location     Type
  a               1    wreg     unsigned char 
 Auto vars:     Size  Location     Type
  a               1    6[COMMON] unsigned char 
  y               1    5[COMMON] unsigned char 
  temp            1    4[COMMON] unsigned char 
 Return value:  Size  Location     Type
                  1    wreg      void 
 Registers used:
		wreg, status,2, status,0, pclath, cstack
 Tracked objects:
		On entry : 
		On exit  : 
		Unchanged: 
 Data sizes:     COMMON   BANK0   BANK1   BANK2   BANK3   BANK4   BANK5   BANK6   BANK7   BANK8   BANK9  BANK10  BANK11  BANK12
      Params:         0       0       0       0       0       0       0       0       0       0       0       0       0       0
      Locals:         3       0       0       0       0       0       0       0       0       0       0       0       0       0
      Temps:          1       0       0       0       0       0       0       0       0       0       0       0       0       0
      Totals:         4       0       0       0       0       0       0       0       0       0       0       0       0       0
Total ram usage:        4 bytes
 Hardware stack levels used:    1
 Hardware stack levels required when called:    3
 This function calls:
		_lcd_display_port
 This function is called by:
		_display_i2c_data
		_lcd_display_write_string
 This function uses a non-reentrant model


 *************** function _lcd_display_set_cursor *****************
 Defined at:
		line 43 in file "lcd_display.c"
 Parameters:    Size  Location     Type
  a               1    wreg     unsigned char 
  b               1    5[COMMON] unsigned char 
 Auto vars:     Size  Location     Type
  a               1    0[BANK0 ] unsigned char 
  temp            1    3[BANK0 ] unsigned char 
  y               1    2[BANK0 ] unsigned char 
  z               1    1[BANK0 ] unsigned char 
 Return value:  Size  Location     Type
                  1    wreg      void 
 Registers used:
		wreg, status,2, status,0, pclath, cstack
 Tracked objects:
		On entry : 
		On exit  : 
		Unchanged: 
 Data sizes:     COMMON   BANK0   BANK1   BANK2   BANK3   BANK4   BANK5   BANK6   BANK7   BANK8   BANK9  BANK10  BANK11  BANK12
      Params:         1       0       0       0       0       0       0       0       0       0       0       0       0       0
      Locals:         0       4       0       0       0       0       0       0       0       0       0       0       0       0
      Temps:          2       0       0       0       0       0       0       0       0       0       0       0       0       0
      Totals:         3       4       0       0       0       0       0       0       0       0       0       0       0       0
Total ram usage:        7 bytes
 Hardware stack levels used:    1
 Hardware stack levels required when called:    4
 This function calls:
		_lcd_display_cmd
 This function is called by:
		_main
		_display_i2c_data
 This function uses a non-reentrant model


 *************** function _lcd_display_init *****************
 Defined at:
		line 64 in file "lcd_display.c"
 Parameters:    Size  Location     Type
		None
 Auto vars:     Size  Location     Type
		None
 Return value:  Size  Location     Type
                  1    wreg      void 
 Registers used:
		wreg, status,2, status,0, pclath, cstack
 Tracked objects:
		On entry : 
		On exit  : 
		Unchanged: 
 Data sizes:     COMMON   BANK0   BANK1   BANK2   BANK3   BANK4   BANK5   BANK6   BANK7   BANK8   BANK9  BANK10  BANK11  BANK12
      Params:         0       0       0       0       0       0       0       0       0       0       0       0       0       0
      Locals:         0       0       0       0       0       0       0       0       0       0       0       0       0       0
      Temps:          1       0       0       0       0       0       0       0       0       0       0       0       0       0
      Totals:         1       0       0       0       0       0       0       0       0       0       0       0       0       0
Total ram usage:        1 bytes
 Hardware stack levels used:    1
 Hardware stack levels required when called:    4
 This function calls:
		_lcd_display_cmd
		_lcd_display_port
 This function is called by:
		_main
 This function uses a non-reentrant model


 *************** function _lcd_display_clear *****************
 Defined at:
		line 37 in file "lcd_display.c"
 Parameters:    Size  Location     Type
		None
 Auto vars:     Size  Location     Type
		None
 Return value:  Size  Location     Type
                  1    wreg      void 
 Registers used:
		wreg, status,2, status,0, pclath, cstack
 Tracked objects:
		On entry : 
		On exit  : 
		Unchanged: 
 Data sizes:     COMMON   BANK0   BANK1   BANK2   BANK3   BANK4   BANK5   BANK6   BANK7   BANK8   BANK9  BANK10  BANK11  BANK12
      Params:         0       0       0       0       0       0       0       0       0       0       0       0       0       0
      Locals:         0       0       0       0       0       0       0       0       0       0       0       0       0       0
      Temps:          0       0       0       0       0       0       0       0       0       0       0       0       0       0
      Totals:         0       0       0       0       0       0       0       0       0       0       0       0       0       0
Total ram usage:        0 bytes
 Hardware stack levels used:    1
 Hardware stack levels required when called:    4
 This function calls:
		_lcd_display_cmd
 This function is called by:
		_main
 This function uses a non-reentrant model


 *************** function _lcd_display_cmd *****************
 Defined at:
		line 28 in file "lcd_display.c"
 Parameters:    Size  Location     Type
  a               1    wreg     unsigned char 
 Auto vars:     Size  Location     Type
  a               1    4[COMMON] unsigned char 
 Return value:  Size  Location     Type
                  1    wreg      void 
 Registers used:
		wreg, status,2, status,0, pclath, cstack
 Tracked objects:
		On entry : 
		On exit  : 
		Unchanged: 
 Data sizes:     COMMON   BANK0   BANK1   BANK2   BANK3   BANK4   BANK5   BANK6   BANK7   BANK8   BANK9  BANK10  BANK11  BANK12
      Params:         0       0       0       0       0       0       0       0       0       0       0       0       0       0
      Locals:         1       0       0       0       0       0       0       0       0       0       0       0       0       0
      Temps:          1       0       0       0       0       0       0       0       0       0       0       0       0       0
      Totals:         2       0       0       0       0       0       0       0       0       0       0       0       0       0
Total ram usage:        2 bytes
 Hardware stack levels used:    1
 Hardware stack levels required when called:    3
 This function calls:
		_lcd_display_port
 This function is called by:
		_lcd_display_clear
		_lcd_display_set_cursor
		_lcd_display_init
		_lcd_display_shift_right
		_lcd_display_shift_left
 This function uses a non-reentrant model


 *************** function _lcd_display_port *****************
 Defined at:
		line 5 in file "lcd_display.c"
 Parameters:    Size  Location     Type
  a               1    wreg     unsigned char 
 Auto vars:     Size  Location     Type
  a               1    2[COMMON] unsigned char 
 Return value:  Size  Location     Type
                  1    wreg      void 
 Registers used:
		wreg
 Tracked objects:
		On entry : 
		On exit  : 
		Unchanged: 
 Data sizes:     COMMON   BANK0   BANK1   BANK2   BANK3   BANK4   BANK5   BANK6   BANK7   BANK8   BANK9  BANK10  BANK11  BANK12
      Params:         0       0       0       0       0       0       0       0       0       0       0       0       0       0
      Locals:         1       0       0       0       0       0       0       0       0       0       0       0       0       0
      Temps:          0       0       0       0       0       0       0       0       0       0       0       0       0       0
      Totals:         1       0       0       0       0       0       0       0       0       0       0       0       0       0
Total ram usage:        1 bytes
 Hardware stack levels used:    1
 Hardware stack levels required when called:    2
 This function calls:
		Nothing
 This function is called by:
		_lcd_display_cmd
		_lcd_display_init
		_lcd_display_write_char
 This function uses a non-reentrant model


 *************** function _init *****************
 Defined at:
		line 10 in file "init.c"
 Parameters:    Size  Location     Type
		None
 Auto vars:     Size  Location     Type
		None
 Return value:  Size  Location     Type
                  1    wreg      void 
 Registers used:
		wreg, status,2, status,0, pclath, cstack
 Tracked objects:
		On entry : 
		On exit  : 
		Unchanged: 
 Data sizes:     COMMON   BANK0   BANK1   BANK2   BANK3   BANK4   BANK5   BANK6   BANK7   BANK8   BANK9  BANK10  BANK11  BANK12
      Params:         0       0       0       0       0       0       0       0       0       0       0       0       0       0
      Locals:         0       0       0       0       0       0       0       0       0       0       0       0       0       0
      Temps:          0       0       0       0       0       0       0       0       0       0       0       0       0       0
      Totals:         0       0       0       0       0       0       0       0       0       0       0       0       0       0
Total ram usage:        0 bytes
 Hardware stack levels used:    1
 Hardware stack levels required when called:    4
 This function calls:
		_init_i2c
		_init_interrupt
		_init_oscillator
		_init_ports
 This function is called by:
		_main
 This function uses a non-reentrant model


 *************** function _init_ports *****************
 Defined at:
		line 26 in file "init.c"
 Parameters:    Size  Location     Type
		None
 Auto vars:     Size  Location     Type
		None
 Return value:  Size  Location     Type
                  1    wreg      void 
 Registers used:
		status,2, status,0, pclath, cstack
 Tracked objects:
		On entry : 
		On exit  : 
		Unchanged: 
 Data sizes:     COMMON   BANK0   BANK1   BANK2   BANK3   BANK4   BANK5   BANK6   BANK7   BANK8   BANK9  BANK10  BANK11  BANK12
      Params:         0       0       0       0       0       0       0       0       0       0       0       0       0       0
      Locals:         0       0       0       0       0       0       0       0       0       0       0       0       0       0
      Temps:          0       0       0       0       0       0       0       0       0       0       0       0       0       0
      Totals:         0       0       0       0       0       0       0       0       0       0       0       0       0       0
Total ram usage:        0 bytes
 Hardware stack levels used:    1
 Hardware stack levels required when called:    3
 This function calls:
		_res_ports
		_set_ports
 This function is called by:
		_init
 This function uses a non-reentrant model


 *************** function _set_ports *****************
 Defined at:
		line 52 in file "init.c"
 Parameters:    Size  Location     Type
		None
 Auto vars:     Size  Location     Type
		None
 Return value:  Size  Location     Type
                  1    wreg      void 
 Registers used:
		None
 Tracked objects:
		On entry : 
		On exit  : 
		Unchanged: 
 Data sizes:     COMMON   BANK0   BANK1   BANK2   BANK3   BANK4   BANK5   BANK6   BANK7   BANK8   BANK9  BANK10  BANK11  BANK12
      Params:         0       0       0       0       0       0       0       0       0       0       0       0       0       0
      Locals:         0       0       0       0       0       0       0       0       0       0       0       0       0       0
      Temps:          0       0       0       0       0       0       0       0       0       0       0       0       0       0
      Totals:         0       0       0       0       0       0       0       0       0       0       0       0       0       0
Total ram usage:        0 bytes
 Hardware stack levels used:    1
 Hardware stack levels required when called:    2
 This function calls:
		Nothing
 This function is called by:
		_init_ports
 This function uses a non-reentrant model


 *************** function _res_ports *****************
 Defined at:
		line 31 in file "init.c"
 Parameters:    Size  Location     Type
		None
 Auto vars:     Size  Location     Type
		None
 Return value:  Size  Location     Type
                  1    wreg      void 
 Registers used:
		status,2
 Tracked objects:
		On entry : 
		On exit  : 
		Unchanged: 
 Data sizes:     COMMON   BANK0   BANK1   BANK2   BANK3   BANK4   BANK5   BANK6   BANK7   BANK8   BANK9  BANK10  BANK11  BANK12
      Params:         0       0       0       0       0       0       0       0       0       0       0       0       0       0
      Locals:         0       0       0       0       0       0       0       0       0       0       0       0       0       0
      Temps:          0       0       0       0       0       0       0       0       0       0       0       0       0       0
      Totals:         0       0       0       0       0       0       0       0       0       0       0       0       0       0
Total ram usage:        0 bytes
 Hardware stack levels used:    1
 Hardware stack levels required when called:    2
 This function calls:
		Nothing
 This function is called by:
		_init_ports
 This function uses a non-reentrant model


 *************** function _init_oscillator *****************
 Defined at:
		line 18 in file "init.c"
 Parameters:    Size  Location     Type
		None
 Auto vars:     Size  Location     Type
		None
 Return value:  Size  Location     Type
                  1    wreg      void 
 Registers used:
		wreg, status,2, status,0
 Tracked objects:
		On entry : 
		On exit  : 
		Unchanged: 
 Data sizes:     COMMON   BANK0   BANK1   BANK2   BANK3   BANK4   BANK5   BANK6   BANK7   BANK8   BANK9  BANK10  BANK11  BANK12
      Params:         0       0       0       0       0       0       0       0       0       0       0       0       0       0
      Locals:         0       0       0       0       0       0       0       0       0       0       0       0       0       0
      Temps:          0       0       0       0       0       0       0       0       0       0       0       0       0       0
      Totals:         0       0       0       0       0       0       0       0       0       0       0       0       0       0
Total ram usage:        0 bytes
 Hardware stack levels used:    1
 Hardware stack levels required when called:    2
 This function calls:
		Nothing
 This function is called by:
		_init
 This function uses a non-reentrant model


 *************** function _init_interrupt *****************
 Defined at:
		line 93 in file "init.c"
 Parameters:    Size  Location     Type
		None
 Auto vars:     Size  Location     Type
		None
 Return value:  Size  Location     Type
                  1    wreg      void 
 Registers used:
		wreg, status,2, status,0, pclath, cstack
 Tracked objects:
		On entry : 
		On exit  : 
		Unchanged: 
 Data sizes:     COMMON   BANK0   BANK1   BANK2   BANK3   BANK4   BANK5   BANK6   BANK7   BANK8   BANK9  BANK10  BANK11  BANK12
      Params:         0       0       0       0       0       0       0       0       0       0       0       0       0       0
      Locals:         0       0       0       0       0       0       0       0       0       0       0       0       0       0
      Temps:          0       0       0       0       0       0       0       0       0       0       0       0       0       0
      Totals:         0       0       0       0       0       0       0       0       0       0       0       0       0       0
Total ram usage:        0 bytes
 Hardware stack levels used:    1
 Hardware stack levels required when called:    3
 This function calls:
		_init_interrupt_timer
 This function is called by:
		_init
 This function uses a non-reentrant model


 *************** function _init_interrupt_timer *****************
 Defined at:
		line 102 in file "init.c"
 Parameters:    Size  Location     Type
		None
 Auto vars:     Size  Location     Type
		None
 Return value:  Size  Location     Type
                  1    wreg      void 
 Registers used:
		wreg, status,2, status,0
 Tracked objects:
		On entry : 
		On exit  : 
		Unchanged: 
 Data sizes:     COMMON   BANK0   BANK1   BANK2   BANK3   BANK4   BANK5   BANK6   BANK7   BANK8   BANK9  BANK10  BANK11  BANK12
      Params:         0       0       0       0       0       0       0       0       0       0       0       0       0       0
      Locals:         0       0       0       0       0       0       0       0       0       0       0       0       0       0
      Temps:          0       0       0       0       0       0       0       0       0       0       0       0       0       0
      Totals:         0       0       0       0       0       0       0       0       0       0       0       0       0       0
Total ram usage:        0 bytes
 Hardware stack levels used:    1
 Hardware stack levels required when called:    2
 This function calls:
		Nothing
 This function is called by:
		_init_interrupt
 This function uses a non-reentrant model


 *************** function _init_i2c *****************
 Defined at:
		line 57 in file "init.c"
 Parameters:    Size  Location     Type
		None
 Auto vars:     Size  Location     Type
		None
 Return value:  Size  Location     Type
                  1    wreg      void 
 Registers used:
		wreg, status,2
 Tracked objects:
		On entry : 
		On exit  : 
		Unchanged: 
 Data sizes:     COMMON   BANK0   BANK1   BANK2   BANK3   BANK4   BANK5   BANK6   BANK7   BANK8   BANK9  BANK10  BANK11  BANK12
      Params:         0       0       0       0       0       0       0       0       0       0       0       0       0       0
      Locals:         0       0       0       0       0       0       0       0       0       0       0       0       0       0
      Temps:          0       0       0       0       0       0       0       0       0       0       0       0       0       0
      Totals:         0       0       0       0       0       0       0       0       0       0       0       0       0       0
Total ram usage:        0 bytes
 Hardware stack levels used:    1
 Hardware stack levels required when called:    2
 This function calls:
		Nothing
 This function is called by:
		_init
 This function uses a non-reentrant model


 *************** function _interruptHandler *****************
 Defined at:
		line 7 in file "interrupt.c"
 Parameters:    Size  Location     Type
		None
 Auto vars:     Size  Location     Type
		None
 Return value:  Size  Location     Type
                  1    wreg      void 
 Registers used:
		wreg, status,2, status,0, pclath, cstack
 Tracked objects:
		On entry : 
		On exit  : 
		Unchanged: 
 Data sizes:     COMMON   BANK0   BANK1   BANK2   BANK3   BANK4   BANK5   BANK6   BANK7   BANK8   BANK9  BANK10  BANK11  BANK12
      Params:         0       0       0       0       0       0       0       0       0       0       0       0       0       0
      Locals:         0       0       0       0       0       0       0       0       0       0       0       0       0       0
      Temps:          0       0       0       0       0       0       0       0       0       0       0       0       0       0
      Totals:         0       0       0       0       0       0       0       0       0       0       0       0       0       0
Total ram usage:        0 bytes
 Hardware stack levels used:    1
 Hardware stack levels required when called:    1
 This function calls:
		_on_interrupt_i2c
		_on_interrupt_timer_0
 This function is called by:
		Interrupt level 1
 This function uses a non-reentrant model


 *************** function _on_interrupt_timer_0 *****************
 Defined at:
		line 21 in file "interrupt.c"
 Parameters:    Size  Location     Type
		None
 Auto vars:     Size  Location     Type
		None
 Return value:  Size  Location     Type
                  1    wreg      void 
 Registers used:
		None
 Tracked objects:
		On entry : 
		On exit  : 
		Unchanged: 
 Data sizes:     COMMON   BANK0   BANK1   BANK2   BANK3   BANK4   BANK5   BANK6   BANK7   BANK8   BANK9  BANK10  BANK11  BANK12
      Params:         0       0       0       0       0       0       0       0       0       0       0       0       0       0
      Locals:         0       0       0       0       0       0       0       0       0       0       0       0       0       0
      Temps:          0       0       0       0       0       0       0       0       0       0       0       0       0       0
      Totals:         0       0       0       0       0       0       0       0       0       0       0       0       0       0
Total ram usage:        0 bytes
 Hardware stack levels used:    1
 This function calls:
		Nothing
 This function is called by:
		_interruptHandler
 This function uses a non-reentrant model


 *************** function _on_interrupt_i2c *****************
 Defined at:
		line 8 in file "i2c_interrupt.c"
 Parameters:    Size  Location     Type
		None
 Auto vars:     Size  Location     Type
  bp_test_var     1    0        unsigned char 
 Return value:  Size  Location     Type
                  1    wreg      void 
 Registers used:
		wreg, status,2
 Tracked objects:
		On entry : 
		On exit  : 
		Unchanged: 
 Data sizes:     COMMON   BANK0   BANK1   BANK2   BANK3   BANK4   BANK5   BANK6   BANK7   BANK8   BANK9  BANK10  BANK11  BANK12
      Params:         0       0       0       0       0       0       0       0       0       0       0       0       0       0
      Locals:         1       0       0       0       0       0       0       0       0       0       0       0       0       0
      Temps:          1       0       0       0       0       0       0       0       0       0       0       0       0       0
      Totals:         2       0       0       0       0       0       0       0       0       0       0       0       0       0
Total ram usage:        2 bytes
 Hardware stack levels used:    1
 This function calls:
		Nothing
 This function is called by:
		_interruptHandler
 This function uses a non-reentrant model



MODULE INFORMATION

Module		Function		Class		Link	Load	Size
lcd_display.c
		_lcd_display_set_cursor		CODE           	00A2	0000	74
		_lcd_display_init		CODE           	00EB	0000	68
		_lcd_display_port		CODE           	0186	0000	33
		_lcd_display_clear		CODE           	026C	0000	10
		_lcd_display_write_char		CODE           	015A	0000	45
		_lcd_display_cmd		CODE           	01E1	0000	21
		_lcd_display_write_string		CODE           	01A6	0000	32

lcd_display.c estimated size: 283

i2c_interrupt.c
		_on_interrupt_i2c		CODE           	0030	0000	115

i2c_interrupt.c estimated size: 115

interrupt.c
		_interruptHandler		CODE           	0004	0000	30
		_on_interrupt_timer_0		CODE           	0289	0000	2

interrupt.c estimated size: 32

shared
		__initialization		CODE           	0023	0000	10

shared estimated size: 10

i2c_lcd_display_1519.c
		_update_if_flag_set		CODE           	0262	0000	11
		_display_i2c_data		CODE           	012E	0000	45
		_main          		CODE           	01C5	0000	29
		_update_display		CODE           	0209	0000	20

i2c_lcd_display_1519.c estimated size: 105

init.c
		_init          		CODE           	023D	0000	14
		_init_oscillator		CODE           	027C	0000	8
		_init_ports    		CODE           	0275	0000	8
		_res_ports     		CODE           	022D	0000	17
		_init_interrupt		CODE           	0283	0000	6
		_set_ports     		CODE           	0288	0000	2
		_init_i2c      		CODE           	01F5	0000	21
		_init_interrupt_timer		CODE           	0256	0000	13

init.c estimated size: 89

